
> gdgoc-aissmscoe@0.1.0 dev /app
> next dev --turbopack

   ▲ Next.js 15.5.20 (Turbopack)
   - Local:        http://localhost:3000
   - Network:      http://192.168.0.2:3000

 ✓ Starting...
 ✓ Ready in 1633ms
 ○ Compiling / ...
 ✓ Compiled / in 6.3s
 ⨯ ./app/components/DiscordButton.jsx:2:1
Module not found: Can't resolve 'framer-motion'
[0m [90m 1 |[39m [32m"use client"[39m[33m;[39m
[31m[1m>[22m[39m[90m 2 |[39m [36mimport[39m { motion } [36mfrom[39m [32m"framer-motion"[39m[33m;[39m
 [90m   |[39m [31m[1m^[22m[39m[31m[1m^[22m[39m[31m[1m^[22m[39m[31m[1m^[22m[39m[31m[1m^[22m[39m[31m[1m^[22m[39m[31m[1m^[22m[39m[31m[1m^[22m[39m[31m[1m^[22m[39m[31m[1m^[22m[39m[31m[1m^[22m[39m[31m[1m^[22m[39m[31m[1m^[22m[39m[31m[1m^[22m[39m[31m[1m^[22m[39m[31m[1m^[22m[39m[31m[1m^[22m[39m[31m[1m^[22m[39m[31m[1m^[22m[39m[31m[1m^[22m[39m[31m[1m^[22m[39m[31m[1m^[22m[39m[31m[1m^[22m[39m[31m[1m^[22m[39m[31m[1m^[22m[39m[31m[1m^[22m[39m[31m[1m^[22m[39m[31m[1m^[22m[39m[31m[1m^[22m[39m[31m[1m^[22m[39m[31m[1m^[22m[39m[31m[1m^[22m[39m[31m[1m^[22m[39m[31m[1m^[22m[39m[31m[1m^[22m[39m[31m[1m^[22m[39m[31m[1m^[22m[39m[31m[1m^[22m[39m[31m[1m^[22m[39m
 [90m 3 |[39m
 [90m 4 |[39m [36mexport[39m [36mdefault[39m [36mfunction[39m [33mDiscordButton[39m() {
 [90m 5 |[39m   [36mreturn[39m ([0m



Import trace:
  Server Component:
    ./app/components/DiscordButton.jsx
    ./app/page.jsx

https://nextjs.org/docs/messages/module-not-found



./app/components/LinkedinButton.jsx:2:1
Module not found: Can't resolve 'framer-motion'
[0m [90m 1 |[39m [32m"use client"[39m[33m;[39m
[31m[1m>[22m[39m[90m 2 |[39m [36mimport[39m { motion } [36mfrom[39m [32m"framer-motion"[39m[33m;[39m
 [90m   |[39m [31m[1m^[22m[39m[31m[1m^[22m[39m[31m[1m^[22m[39m[31m[1m^[22m[39m[31m[1m^[22m[39m[31m[1m^[22m[39m[31m[1m^[22m[39m[31m[1m^[22m[39m[31m[1m^[22m[39m[31m[1m^[22m[39m[31m[1m^[22m[39m[31m[1m^[22m[39m[31m[1m^[22m[39m[31m[1m^[22m[39m[31m[1m^[22m[39m[31m[1m^[22m[39m[31m[1m^[22m[39m[31m[1m^[22m[39m[31m[1m^[22m[39m[31m[1m^[22m[39m[31m[1m^[22m[39m[31m[1m^[22m[39m[31m[1m^[22m[39m[31m[1m^[22m[39m[31m[1m^[22m[39m[31m[1m^[22m[39m[31m[1m^[22m[39m[31m[1m^[22m[39m[31m[1m^[22m[39m[31m[1m^[22m[39m[31m[1m^[22m[39m[31m[1m^[22m[39m[31m[1m^[22m[39m[31m[1m^[22m[39m[31m[1m^[22m[39m[31m[1m^[22m[39m[31m[1m^[22m[39m[31m[1m^[22m[39m[31m[1m^[22m[39m
 [90m 3 |[39m
 [90m 4 |[39m [36mexport[39m [36mdefault[39m [36mfunction[39m [33mLinkedinButton[39m() {
 [90m 5 |[39m   [36mreturn[39m ([0m



Import trace:
  Server Component:
    ./app/components/LinkedinButton.jsx
    ./app/page.jsx

https://nextjs.org/docs/messages/module-not-found



./app/components/Navbar.jsx:4:1
Module not found: Can't resolve 'framer-motion'
[0m [90m 2 |[39m
 [90m 3 |[39m [36mimport[39m [33mLink[39m [36mfrom[39m [32m"next/link"[39m[33m;[39m
[31m[1m>[22m[39m[90m 4 |[39m [36mimport[39m { motion[33m,[39m [33mAnimatePresence[39m } [36mfrom[39m [32m"framer-motion"[39m[33m;[39m
 [90m   |[39m [31m[1m^[22m[39m[31m[1m^[22m[39m[31m[1m^[22m[39m[31m[1m^[22m[39m[31m[1m^[22m[39m[31m[1m^[22m[39m[31m[1m^[22m[39m[31m[1m^[22m[39m[31m[1m^[22m[39m[31m[1m^[22m[39m[31m[1m^[22m[39m[31m[1m^[22m[39m[31m[1m^[22m[39m[31m[1m^[22m[39m[31m[1m^[22m[39m[31m[1m^[22m[39m[31m[1m^[22m[39m[31m[1m^[22m[39m[31m[1m^[22m[39m[31m[1m^[22m[39m[31m[1m^[22m[39m[31m[1m^[22m[39m[31m[1m^[22m[39m[31m[1m^[22m[39m[31m[1m^[22m[39m[31m[1m^[22m[39m[31m[1m^[22m[39m[31m[1m^[22m[39m[31m[1m^[22m[39m[31m[1m^[22m[39m[31m[1m^[22m[39m[31m[1m^[22m[39m[31m[1m^[22m[39m[31m[1m^[22m[39m[31m[1m^[22m[39m[31m[1m^[22m[39m[31m[1m^[22m[39m[31m[1m^[22m[39m[31m[1m^[22m[39m[31m[1m^[22m[39m[31m[1m^[22m[39m[31m[1m^[22m[39m[31m[1m^[22m[39m[31m[1m^[22m[39m[31m[1m^[22m[39m[31m[1m^[22m[39m[31m[1m^[22m[39m[31m[1m^[22m[39m[31m[1m^[22m[39m[31m[1m^[22m[39m[31m[1m^[22m[39m[31m[1m^[22m[39m[31m[1m^[22m[39m[31m[1m^[22m[39m[31m[1m^[22m[39m[31m[1m^[22m[39m
 [90m 5 |[39m [36mimport[39m { useState[33m,[39m useEffect } [36mfrom[39m [32m"react"[39m[33m;[39m
 [90m 6 |[39m [36mimport[39m [33mImage[39m [36mfrom[39m [32m"next/image"[39m[33m;[39m
 [90m 7 |[39m[0m



Import trace:
  Server Component:
    ./app/components/Navbar.jsx
    ./app/layout.jsx

https://nextjs.org/docs/messages/module-not-found



./app/components/RadialButton.jsx:2:1
Module not found: Can't resolve 'framer-motion'
[0m [90m 1 |[39m [32m"use client"[39m[33m;[39m
[31m[1m>[22m[39m[90m 2 |[39m [36mimport[39m { motion } [36mfrom[39m [32m"framer-motion"[39m[33m;[39m
 [90m   |[39m [31m[1m^[22m[39m[31m[1m^[22m[39m[31m[1m^[22m[39m[31m[1m^[22m[39m[31m[1m^[22m[39m[31m[1m^[22m[39m[31m[1m^[22m[39m[31m[1m^[22m[39m[31m[1m^[22m[39m[31m[1m^[22m[39m[31m[1m^[22m[39m[31m[1m^[22m[39m[31m[1m^[22m[39m[31m[1m^[22m[39m[31m[1m^[22m[39m[31m[1m^[22m[39m[31m[1m^[22m[39m[31m[1m^[22m[39m[31m[1m^[22m[39m[31m[1m^[22m[39m[31m[1m^[22m[39m[31m[1m^[22m[39m[31m[1m^[22m[39m[31m[1m^[22m[39m[31m[1m^[22m[39m[31m[1m^[22m[39m[31m[1m^[22m[39m[31m[1m^[22m[39m[31m[1m^[22m[39m[31m[1m^[22m[39m[31m[1m^[22m[39m[31m[1m^[22m[39m[31m[1m^[22m[39m[31m[1m^[22m[39m[31m[1m^[22m[39m[31m[1m^[22m[39m[31m[1m^[22m[39m[31m[1m^[22m[39m[31m[1m^[22m[39m
 [90m 3 |[39m
 [90m 4 |[39m [36mconst[39m buttonVariants [33m=[39m {
 [90m 5 |[39m   initial[33m:[39m {[0m



Import traces:
  Server Component:
    ./app/components/RadialButton.jsx
    ./app/components/pages/Events.jsx
    ./app/page.jsx

  Client Component Browser:
    ./app/components/RadialButton.jsx [Client Component Browser]
    ./app/components/pages/Home.jsx [Client Component Browser]
    ./app/components/pages/Home.jsx [Server Component]
    ./app/page.jsx [Server Component]

  Client Component SSR:
    ./app/components/RadialButton.jsx [Client Component SSR]
    ./app/components/pages/Home.jsx [Client Component SSR]
    ./app/components/pages/Home.jsx [Server Component]
    ./app/page.jsx [Server Component]

https://nextjs.org/docs/messages/module-not-found



./app/components/WhatsappButton.jsx:2:1
Module not found: Can't resolve 'framer-motion'
[0m [90m 1 |[39m [32m"use client"[39m[33m;[39m
[31m[1m>[22m[39m[90m 2 |[39m [36mimport[39m { motion } [36mfrom[39m [32m"framer-motion"[39m[33m;[39m
 [90m   |[39m [31m[1m^[22m[39m[31m[1m^[22m[39m[31m[1m^[22m[39m[31m[1m^[22m[39m[31m[1m^[22m[39m[31m[1m^[22m[39m[31m[1m^[22m[39m[31m[1m^[22m[39m[31m[1m^[22m[39m[31m[1m^[22m[39m[31m[1m^[22m[39m[31m[1m^[22m[39m[31m[1m^[22m[39m[31m[1m^[22m[39m[31m[1m^[22m[39m[31m[1m^[22m[39m[31m[1m^[22m[39m[31m[1m^[22m[39m[31m[1m^[22m[39m[31m[1m^[22m[39m[31m[1m^[22m[39m[31m[1m^[22m[39m[31m[1m^[22m[39m[31m[1m^[22m[39m[31m[1m^[22m[39m[31m[1m^[22m[39m[31m[1m^[22m[39m[31m[1m^[22m[39m[31m[1m^[22m[39m[31m[1m^[22m[39m[31m[1m^[22m[39m[31m[1m^[22m[39m[31m[1m^[22m[39m[31m[1m^[22m[39m[31m[1m^[22m[39m[31m[1m^[22m[39m[31m[1m^[22m[39m[31m[1m^[22m[39m[31m[1m^[22m[39m
 [90m 3 |[39m
 [90m 4 |[39m [36mexport[39m [36mdefault[39m [36mfunction[39m [33mWhatsappButton[39m() {
 [90m 5 |[39m   [36mreturn[39m ([0m



Import trace:
  Server Component:
    ./app/components/WhatsappButton.jsx
    ./app/page.jsx

https://nextjs.org/docs/messages/module-not-found



./app/components/pages/Home.jsx:2:1
Module not found: Can't resolve 'framer-motion'
[0m [90m 1 |[39m [32m"use client"[39m[33m;[39m
[31m[1m>[22m[39m[90m 2 |[39m [36mimport[39m { motion[33m,[39m useScroll[33m,[39m useTransform } [36mfrom[39m [32m"framer-motion"[39m[33m;[39m
 [90m   |[39m [31m[1m^[22m[39m[31m[1m^[22m[39m[31m[1m^[22m[39m[31m[1m^[22m[39m[31m[1m^[22m[39m[31m[1m^[22m[39m[31m[1m^[22m[39m[31m[1m^[22m[39m[31m[1m^[22m[39m[31m[1m^[22m[39m[31m[1m^[22m[39m[31m[1m^[22m[39m[31m[1m^[22m[39m[31m[1m^[22m[39m[31m[1m^[22m[39m[31m[1m^[22m[39m[31m[1m^[22m[39m[31m[1m^[22m[39m[31m[1m^[22m[39m[31m[1m^[22m[39m[31m[1m^[22m[39m[31m[1m^[22m[39m[31m[1m^[22m[39m[31m[1m^[22m[39m[31m[1m^[22m[39m[31m[1m^[22m[39m[31m[1m^[22m[39m[31m[1m^[22m[39m[31m[1m^[22m[39m[31m[1m^[22m[39m[31m[1m^[22m[39m[31m[1m^[22m[39m[31m[1m^[22m[39m[31m[1m^[22m[39m[31m[1m^[22m[39m[31m[1m^[22m[39m[31m[1m^[22m[39m[31m[1m^[22m[39m[31m[1m^[22m[39m[31m[1m^[22m[39m[31m[1m^[22m[39m[31m[1m^[22m[39m[31m[1m^[22m[39m[31m[1m^[22m[39m[31m[1m^[22m[39m[31m[1m^[22m[39m[31m[1m^[22m[39m[31m[1m^[22m[39m[31m[1m^[22m[39m[31m[1m^[22m[39m[31m[1m^[22m[39m[31m[1m^[22m[39m[31m[1m^[22m[39m[31m[1m^[22m[39m[31m[1m^[22m[39m[31m[1m^[22m[39m[31m[1m^[22m[39m[31m[1m^[22m[39m[31m[1m^[22m[39m[31m[1m^[22m[39m[31m[1m^[22m[39m[31m[1m^[22m[39m[31m[1m^[22m[39m[31m[1m^[22m[39m
 [90m 3 |[39m [36mimport[39m [33mLink[39m [36mfrom[39m [32m"next/link"[39m[33m;[39m
 [90m 4 |[39m [36mimport[39m [33mRadialButton[39m [36mfrom[39m [32m"../RadialButton"[39m[33m;[39m
 [90m 5 |[39m[0m



Import trace:
  Server Component:
    ./app/components/pages/Home.jsx
    ./app/page.jsx

https://nextjs.org/docs/messages/module-not-found


 ○ Compiling /_error ...
 ✓ Compiled /_error in 2.1s
 GET / 500 in 8600ms
 ✓ Compiled in 2.1s
 ✓ Compiled / in 69ms
 ⨯ Error: Missing required Contentful environment variables
    at __TURBOPACK__module__evaluation__ (app/lib/contentful.js:7:9)
    at __TURBOPACK__module__evaluation__ (app/page.jsx:10:1)
    at __TURBOPACK__module__evaluation__ (.next/server/chunks/ssr/[root-of-the-server]__23ca5057._.js:1258:47)
    at Object.<anonymous> (.next/server/app/page.js:17:3)
   5 |   !process.env.NEXT_PUBLIC_CONTENTFUL_ACCESS_TOKEN
   6 | ) {
>  7 |   throw new Error("Missing required Contentful environment variables");
     |         ^
   8 | }
   9 |
  10 | const client = createClient({ {
  page: '/'
}
 GET / 500 in 1352ms
 ⨯ Error: Missing required Contentful environment variables
    at __TURBOPACK__module__evaluation__ (app/lib/contentful.js:7:9)
    at __TURBOPACK__module__evaluation__ (app/page.jsx:10:1)
    at __TURBOPACK__module__evaluation__ (.next/server/chunks/ssr/[root-of-the-server]__23ca5057._.js:1258:47)
    at Object.<anonymous> (.next/server/app/page.js:17:3)
   5 |   !process.env.NEXT_PUBLIC_CONTENTFUL_ACCESS_TOKEN
   6 | ) {
>  7 |   throw new Error("Missing required Contentful environment variables");
     |         ^
   8 | }
   9 |
  10 | const client = createClient({ {
  page: '/'
}
 GET / 500 in 210ms
